// Vitest Snapshot v1

exports[`variants > selector section is merged in order 1`] = `
"/* layer: default */
.prefix .pre\\\\:back\\\\:foo::pseudo,
.prefix .replaced,
.prefix .replaced::pseudo,
.replaced::pseudo{name:bar;}"
`;

exports[`variants > variant can stack 1`] = `
"/* layer: default */
.first\\\\:second\\\\:third\\\\:foo > :first > :second > :third,
.first\\\\:three\\\\:two\\\\:foo > :first + :two + :three,
.one\\\\:two\\\\:three\\\\:foo + :three + :two + :one{name:bar;}"
`;

exports[`variants > variant context is propagated 1`] = `
"/* layer: default */
.foo{name:bar;}
/* layer: variant */
@supports{
:prefix > .selector::pseudo{name:bar !important;}
}"
`;
